// Jest Snapshot v1, https://goo.gl/fbAQLP

exports[`GifExpertApp tests should render without errors 1`] = `
<div>
  <h2>
    GifExpertApp
  </h2>
  <hr />
  <AddCategoryField
    setCategories={[Function]}
  />
  <div
    className="container"
  />
</div>
`;
