// Jest Snapshot v1, https://goo.gl/fbAQLP

exports[`AddCategoryField tests should render without errors 1`] = `
<form
  onSubmit={[Function]}
>
  <input
    onChange={[Function]}
    type="text"
    value=""
  />
</form>
`;
